2026-09-01 21:10:12,878 - WARNING - findfont: Font family ['Noto Sans CJK SC'] not found. Falling back to DejaVu Sans.
2026-09-01 21:10:12,878 - INFO - Matplotlib 字体设置：使用回退字体列表，首选可用字体: Noto Sans CJK SC
2026-09-01 21:10:42,915 - WARNING - 使用指定 ChromeDriver 失败 (/usr/bin/chromedriver): Message: Can not connect to the Service /usr/bin/chromedriver
，尝试使用 Selenium Manager 自动管理驱动
2026-09-01 21:10:54,031 - INFO - 已切换为 Selenium Manager 自动管理的 ChromeDriver
2026-09-01 21:10:54,096 - INFO - ddddocr 识别器初始化成功
2026-09-01 21:10:54,215 - INFO - captcha-recognizer 滑块识别模型初始化成功
2026-09-01 21:10:54,215 - INFO - 开始南京大学电费监控流程（自动无头模式）
2026-09-01 21:10:54,216 - INFO - 已初始化并清空验证码图片目录: /home/runner/work/nju_electric_monitor/nju_electric_monitor/src/../data/captcha_workflow
2026-09-01 21:10:54,216 - INFO - 正在打开页面: https://epay.nju.edu.cn/epay/h5/nju/electric/index
2026-09-01 21:11:03,001 - INFO - 等待登录表单加载...
2026-09-01 21:11:03,793 - INFO - 登录表单已加载
2026-09-01 21:11:03,793 - INFO - 开始填写登录表单...
2026-09-01 21:11:04,056 - INFO - 用户名填写完成
2026-09-01 21:11:04,159 - INFO - 密码填写完成
2026-09-01 21:11:04,213 - INFO - 未检测到任何验证方式
2026-09-01 21:11:04,213 - INFO - 登录前验证方式检测: none
2026-09-01 21:11:04,213 - INFO - 未检测到传统验证码，点击登录按钮...
2026-09-01 21:11:04,213 - INFO - 查找并点击登录按钮...
2026-09-01 21:11:04,231 - INFO - 通过 ID=login_submit 找到登录按钮
2026-09-01 21:11:04,286 - INFO - 已点击登录按钮
2026-09-01 21:11:11,310 - INFO - 检测到滑块验证（sliderDiv）
2026-09-01 21:11:11,310 - INFO - 登录后验证方式检测: slider
2026-09-01 21:11:11,310 - INFO - 开始处理滑块验证...
2026-09-01 21:11:12,822 - INFO - 滑块验证第 1/3 轮尝试
2026-09-01 21:11:13,204 - INFO - 滑块缺口 box=[105,67,146,105], confidence=0.944, 截图=278px, DOM=278px, 缩放=1.00x, 拖拽偏移=105px
2026-09-01 21:11:13,206 - INFO - 滑块拖拽尝试 1/2 (偏移=105px)
2026-09-01 21:11:31,880 - INFO - 滑块验证通过（sliderDiv 元素不存在）
2026-09-01 21:11:31,880 - INFO - 滑块验证第 1 轮成功
2026-09-01 21:11:31,880 - INFO - 等待登录成功...
2026-09-01 21:11:31,888 - INFO - 检测到已跳转到电费页面: https://epay.nju.edu.cn/epay/h5/nju/electric/index
2026-09-01 21:11:31,889 - INFO - 查找'去充值'按钮...
2026-09-01 21:11:31,932 - INFO - 通过文本包含 '去充值' 找到充值按钮
2026-09-01 21:11:33,940 - INFO - 已点击充值按钮
2026-09-01 21:11:36,941 - INFO - 开始提取剩余电量信息...
2026-09-01 21:11:36,956 - INFO - 找到电量信息元素（已省略具体文本以保护隐私）
2026-09-01 21:11:36,956 - WARNING - 未在元素中找到标准格式的电量信息
2026-09-01 21:11:36,965 - INFO - 找到 i 标签中的电量信息（已省略具体文本）
2026-09-01 21:11:36,965 - WARNING - i标签中未找到标准格式的电量信息
2026-09-01 21:11:36,966 - WARNING - 未找到i标签中的电量信息
2026-09-01 21:11:36,968 - INFO - 在页面源码中查找电量信息...
2026-09-01 21:11:36,968 - INFO - 从页面源码中提取到剩余电量: 18.75 度
2026-09-01 21:11:36,985 - INFO - 数据已保存: 18.75 度
2026-09-01 21:11:37,014 - WARNING - findfont: Font family 'Noto Sans CJK SC' not found.
2026-09-01 21:11:37,015 - WARNING - findfont: Font family 'Noto Sans CJK SC' not found.
2026-09-01 21:11:37,030 - WARNING - findfont: Font family 'Noto Sans CJK SC' not found.
2026-09-01 21:11:37,030 - WARNING - findfont: Font family 'Noto Sans CJK SC' not found.
2026-09-01 21:11:37,035 - WARNING - findfont: Font family 'Noto Sans CJK SC' not found.
2026-09-01 21:11:37,036 - WARNING - findfont: Font family 'Noto Sans CJK SC' not found.
2026-09-01 21:11:37,036 - WARNING - findfont: Font family 'Noto Sans CJK SC' not found.
2026-09-01 21:11:37,038 - WARNING - findfont: Font family 'Noto Sans CJK SC' not found.
2026-09-01 21:11:37,045 - WARNING - findfont: Font family 'Noto Sans CJK SC' not found.
2026-09-01 21:11:37,048 - WARNING - findfont: Font family 'Noto Sans CJK SC' not found.
2026-09-01 21:11:37,051 - WARNING - findfont: Font family 'Noto Sans CJK SC' not found.
2026-09-01 21:11:37,051 - WARNING - findfont: Font family 'Noto Sans CJK SC' not found.
2026-09-01 21:11:37,051 - WARNING - findfont: Font family 'Noto Sans CJK SC' not found.
2026-09-01 21:11:37,057 - WARNING - findfont: Font family 'Noto Sans CJK SC' not found.
2026-09-01 21:11:37,058 - WARNING - findfont: Font family 'Noto Sans CJK SC' not found.
2026-09-01 21:11:37,064 - WARNING - findfont: Font family 'Noto Sans CJK SC' not found.
2026-09-01 21:11:37,070 - WARNING - findfont: Font family 'Noto Sans CJK SC' not found.
2026-09-01 21:11:37,070 - WARNING - findfont: Font family 'Noto Sans CJK SC' not found.
2026-09-01 21:11:37,075 - WARNING - findfont: Font family 'Noto Sans CJK SC' not found.
2026-09-01 21:11:37,078 - WARNING - findfont: Font family 'Noto Sans CJK SC' not found.
2026-09-01 21:11:37,082 - WARNING - findfont: Font family 'Noto Sans CJK SC' not found.
2026-09-01 21:11:37,082 - WARNING - findfont: Font family 'Noto Sans CJK SC' not found.
2026-09-01 21:11:37,082 - WARNING - findfont: Font family 'Noto Sans CJK SC' not found.
2026-09-01 21:11:37,091 - WARNING - findfont: Font family 'Noto Sans CJK SC' not found.
2026-09-01 21:11:37,091 - WARNING - findfont: Font family 'Noto Sans CJK SC' not found.
2026-09-01 21:11:37,093 - WARNING - findfont: Font family 'Noto Sans CJK SC' not found.
2026-09-01 21:11:37,093 - WARNING - findfont: Font family 'Noto Sans CJK SC' not found.
2026-09-01 21:11:37,119 - WARNING - findfont: Font family 'Noto Sans CJK SC' not found.
2026-09-01 21:11:37,119 - WARNING - findfont: Font family 'Noto Sans CJK SC' not found.
2026-09-01 21:11:37,120 - WARNING - findfont: Font family 'Noto Sans CJK SC' not found.
2026-09-01 21:11:37,132 - WARNING - findfont: Font family 'Noto Sans CJK SC' not found.
2026-09-01 21:11:37,133 - WARNING - findfont: Font family 'Noto Sans CJK SC' not found.
2026-09-01 21:11:37,140 - WARNING - findfont: Font family 'Noto Sans CJK SC' not found.
2026-09-01 21:11:37,140 - WARNING - findfont: Font family 'Noto Sans CJK SC' not found.
2026-09-01 21:11:37,208 - WARNING - findfont: Font family 'Noto Sans CJK SC' not found.
2026-09-01 21:11:37,208 - WARNING - findfont: Font family 'Noto Sans CJK SC' not found.
2026-09-01 21:11:37,210 - WARNING - findfont: Font family 'Noto Sans CJK SC' not found.
2026-09-01 21:11:37,210 - WARNING - findfont: Font family 'Noto Sans CJK SC' not found.
2026-09-01 21:11:37,235 - WARNING - findfont: Font family 'Noto Sans CJK SC' not found.
2026-09-01 21:11:37,236 - WARNING - findfont: Font family 'Noto Sans CJK SC' not found.
2026-09-01 21:11:37,236 - WARNING - findfont: Font family 'Noto Sans CJK SC' not found.
2026-09-01 21:11:37,249 - WARNING - findfont: Font family 'Noto Sans CJK SC' not found.
2026-09-01 21:11:37,249 - WARNING - findfont: Font family 'Noto Sans CJK SC' not found.
2026-09-01 21:11:37,256 - WARNING - findfont: Font family 'Noto Sans CJK SC' not found.
2026-09-01 21:11:37,256 - WARNING - findfont: Font family 'Noto Sans CJK SC' not found.
2026-09-01 21:11:37,259 - INFO - 电量变化曲线图已保存到: /home/runner/work/nju_electric_monitor/nju_electric_monitor/src/../data/electricity_trend.png
2026-09-01 21:11:37,480 - INFO - 最近20次电量变化曲线图已保存到: /home/runner/work/nju_electric_monitor/nju_electric_monitor/src/../data/recent_20_changes.png
2026-09-01 21:11:37,480 - INFO - 当前剩余电量 18.75 度，高于告警阈值 15.0 度，不发送邮件
2026-09-01 21:11:37,480 - INFO - 监控流程完成
