2026-10-10 14:33:08,010 - INFO - Matplotlib 字体设置：使用回退字体列表，首选可用字体: Noto Sans CJK SC
2026-10-10 14:33:09,932 - INFO - 使用指定 ChromeDriver: /usr/bin/chromedriver
2026-10-10 14:33:10,114 - INFO - ddddocr 识别器初始化成功
2026-10-10 14:33:10,282 - INFO - captcha-recognizer 滑块识别模型初始化成功
2026-10-10 14:33:10,282 - INFO - 开始南京大学电费监控流程（自动无头模式）
2026-10-10 14:33:10,282 - INFO - 已初始化并清空验证码图片目录: /home/runner/work/nju_electric_monitor/nju_electric_monitor/src/../data/captcha_workflow
2026-10-10 14:33:10,282 - INFO - 正在打开页面: https://epay.nju.edu.cn/epay/h5/nju/electric/index
2026-10-10 14:33:22,826 - INFO - 等待登录表单加载...
2026-10-10 14:33:22,835 - INFO - 登录表单已加载
2026-10-10 14:33:22,835 - INFO - 开始填写登录表单...
2026-10-10 14:33:22,911 - INFO - 用户名填写完成
2026-10-10 14:33:22,984 - INFO - 密码填写完成
2026-10-10 14:33:23,017 - INFO - 未检测到任何验证方式
2026-10-10 14:33:23,017 - INFO - 登录前验证方式检测: none
2026-10-10 14:33:23,018 - INFO - 未检测到传统验证码，点击登录按钮...
2026-10-10 14:33:23,018 - INFO - 查找并点击登录按钮...
2026-10-10 14:33:23,038 - INFO - 通过 ID=login_submit 找到登录按钮
2026-10-10 14:33:23,085 - INFO - 已点击登录按钮
2026-10-10 14:33:30,111 - INFO - 检测到滑块验证（sliderDiv）
2026-10-10 14:33:30,111 - INFO - 登录后验证方式检测: slider
2026-10-10 14:33:30,111 - INFO - 开始处理滑块验证...
2026-10-10 14:33:31,625 - INFO - 滑块验证第 1/3 轮尝试
2026-10-10 14:33:31,959 - INFO - 滑块缺口 box=[184,87,225,125], confidence=0.956, 截图=278px, DOM=278px, 缩放=1.00x, 拖拽偏移=184px
2026-10-10 14:33:31,959 - INFO - 滑块拖拽尝试 1/2 (偏移=184px)
2026-10-10 14:33:50,103 - WARNING - 滑块拖拽第 1 次未通过验证
2026-10-10 14:33:51,103 - INFO - 滑块拖拽尝试 2/2 (偏移=184px)
2026-10-10 14:34:09,431 - WARNING - 滑块拖拽第 2 次未通过验证
2026-10-10 14:34:09,431 - ERROR - 滑块验证 2 次尝试均失败
2026-10-10 14:34:09,431 - WARNING - 第 1 轮滑块拖拽失败
2026-10-10 14:34:10,431 - INFO - 滑块验证第 2/3 轮尝试
2026-10-10 14:34:10,762 - INFO - 滑块缺口 box=[174,11,217,51], confidence=0.949, 截图=280px, DOM=280px, 缩放=1.00x, 拖拽偏移=174px
2026-10-10 14:34:10,762 - INFO - 滑块拖拽尝试 1/2 (偏移=174px)
2026-10-10 14:34:28,542 - WARNING - 滑块拖拽第 1 次未通过验证
2026-10-10 14:34:29,542 - INFO - 滑块拖拽尝试 2/2 (偏移=174px)
2026-10-10 14:34:47,261 - WARNING - 滑块拖拽第 2 次未通过验证
2026-10-10 14:34:47,261 - ERROR - 滑块验证 2 次尝试均失败
2026-10-10 14:34:47,261 - WARNING - 第 2 轮滑块拖拽失败
2026-10-10 14:34:48,261 - INFO - 滑块验证第 3/3 轮尝试
2026-10-10 14:34:48,562 - INFO - 滑块缺口 box=[148,87,189,126], confidence=0.948, 截图=280px, DOM=280px, 缩放=1.00x, 拖拽偏移=148px
2026-10-10 14:34:48,562 - INFO - 滑块拖拽尝试 1/2 (偏移=148px)
2026-10-10 14:35:09,702 - INFO - 滑块验证通过（sliderDiv 元素不存在）
2026-10-10 14:35:09,703 - INFO - 滑块验证第 3 轮成功
2026-10-10 14:35:09,703 - INFO - 等待登录成功...
2026-10-10 14:35:09,713 - INFO - 检测到已跳转到电费页面: https://epay.nju.edu.cn/epay/h5/nju/electric/index
2026-10-10 14:35:09,714 - INFO - 查找'去充值'按钮...
2026-10-10 14:35:09,734 - INFO - 通过文本包含 '去充值' 找到充值按钮
2026-10-10 14:35:11,378 - INFO - 已点击充值按钮
2026-10-10 14:35:14,378 - INFO - 开始提取剩余电量信息...
2026-10-10 14:35:14,396 - INFO - 找到电量信息元素（已省略具体文本以保护隐私）
2026-10-10 14:35:14,396 - WARNING - 未在元素中找到标准格式的电量信息
2026-10-10 14:35:14,408 - INFO - 找到 i 标签中的电量信息（已省略具体文本）
2026-10-10 14:35:14,408 - WARNING - i标签中未找到标准格式的电量信息
2026-10-10 14:35:14,408 - WARNING - 未找到i标签中的电量信息
2026-10-10 14:35:14,411 - INFO - 在页面源码中查找电量信息...
2026-10-10 14:35:14,411 - INFO - 从页面源码中提取到剩余电量: 10.41 度
2026-10-10 14:35:14,430 - INFO - 数据已保存: 10.41 度
2026-10-10 14:35:14,709 - INFO - 电量变化曲线图已保存到: /home/runner/work/nju_electric_monitor/nju_electric_monitor/src/../data/electricity_trend.png
2026-10-10 14:35:14,933 - INFO - 最近20次电量变化曲线图已保存到: /home/runner/work/nju_electric_monitor/nju_electric_monitor/src/../data/recent_20_changes.png
2026-10-10 14:35:14,934 - WARNING - 邮件提醒未配置完整的 SMTP 环境变量，跳过发送邮件
2026-10-10 14:35:14,934 - INFO - 监控流程完成
