2026-10-06 00:11:26,902 - INFO - Matplotlib 字体设置：使用回退字体列表，首选可用字体: Noto Sans CJK SC
2026-10-06 00:11:28,833 - INFO - 使用指定 ChromeDriver: /usr/bin/chromedriver
2026-10-06 00:11:28,926 - INFO - ddddocr 识别器初始化成功
2026-10-06 00:11:29,124 - INFO - captcha-recognizer 滑块识别模型初始化成功
2026-10-06 00:11:29,124 - INFO - 开始南京大学电费监控流程（自动无头模式）
2026-10-06 00:11:29,124 - INFO - 已初始化并清空验证码图片目录: /home/runner/work/nju_electric_monitor/nju_electric_monitor/src/../data/captcha_workflow
2026-10-06 00:11:29,124 - INFO - 正在打开页面: https://epay.nju.edu.cn/epay/h5/nju/electric/index
2026-10-06 00:11:40,417 - INFO - 等待登录表单加载...
2026-10-06 00:11:40,426 - INFO - 登录表单已加载
2026-10-06 00:11:40,426 - INFO - 开始填写登录表单...
2026-10-06 00:11:40,498 - INFO - 用户名填写完成
2026-10-06 00:11:40,567 - INFO - 密码填写完成
2026-10-06 00:11:40,599 - INFO - 未检测到任何验证方式
2026-10-06 00:11:40,599 - INFO - 登录前验证方式检测: none
2026-10-06 00:11:40,599 - INFO - 未检测到传统验证码，点击登录按钮...
2026-10-06 00:11:40,599 - INFO - 查找并点击登录按钮...
2026-10-06 00:11:40,618 - INFO - 通过 ID=login_submit 找到登录按钮
2026-10-06 00:11:40,663 - INFO - 已点击登录按钮
2026-10-06 00:11:47,688 - INFO - 检测到滑块验证（sliderDiv）
2026-10-06 00:11:47,688 - INFO - 登录后验证方式检测: slider
2026-10-06 00:11:47,688 - INFO - 开始处理滑块验证...
2026-10-06 00:11:49,200 - INFO - 滑块验证第 1/3 轮尝试
2026-10-06 00:11:49,723 - INFO - 滑块缺口 box=[183,51,223,90], confidence=0.956, 截图=278px, DOM=278px, 缩放=1.00x, 拖拽偏移=183px
2026-10-06 00:11:49,724 - INFO - 滑块拖拽尝试 1/2 (偏移=183px)
2026-10-06 00:12:07,770 - WARNING - 滑块拖拽第 1 次未通过验证
2026-10-06 00:12:08,770 - INFO - 滑块拖拽尝试 2/2 (偏移=183px)
2026-10-06 00:12:27,033 - WARNING - 滑块拖拽第 2 次未通过验证
2026-10-06 00:12:27,033 - ERROR - 滑块验证 2 次尝试均失败
2026-10-06 00:12:27,033 - WARNING - 第 1 轮滑块拖拽失败
2026-10-06 00:12:28,033 - INFO - 滑块验证第 2/3 轮尝试
2026-10-06 00:12:28,348 - INFO - 滑块缺口 box=[174,51,215,89], confidence=0.959, 截图=280px, DOM=280px, 缩放=1.00x, 拖拽偏移=174px
2026-10-06 00:12:28,348 - INFO - 滑块拖拽尝试 1/2 (偏移=174px)
2026-10-06 00:12:46,152 - WARNING - 滑块拖拽第 1 次未通过验证
2026-10-06 00:12:47,152 - INFO - 滑块拖拽尝试 2/2 (偏移=174px)
2026-10-06 00:13:04,878 - WARNING - 滑块拖拽第 2 次未通过验证
2026-10-06 00:13:04,878 - ERROR - 滑块验证 2 次尝试均失败
2026-10-06 00:13:04,878 - WARNING - 第 2 轮滑块拖拽失败
2026-10-06 00:13:05,878 - INFO - 滑块验证第 3/3 轮尝试
2026-10-06 00:13:06,200 - INFO - 滑块缺口 box=[175,87,219,125], confidence=0.958, 截图=280px, DOM=280px, 缩放=1.00x, 拖拽偏移=175px
2026-10-06 00:13:06,200 - INFO - 滑块拖拽尝试 1/2 (偏移=175px)
2026-10-06 00:13:23,896 - WARNING - 滑块拖拽第 1 次未通过验证
2026-10-06 00:13:24,896 - INFO - 滑块拖拽尝试 2/2 (偏移=175px)
2026-10-06 00:13:42,937 - WARNING - 滑块拖拽第 2 次未通过验证
2026-10-06 00:13:42,938 - ERROR - 滑块验证 2 次尝试均失败
2026-10-06 00:13:42,938 - WARNING - 第 3 轮滑块拖拽失败
2026-10-06 00:13:42,938 - ERROR - 滑块验证 3 轮尝试均失败
2026-10-06 00:13:42,938 - ERROR - 验证码处理或登录过程失败
