2026-10-07 23:13:02,922 - WARNING - findfont: Font family ['Noto Sans CJK SC'] not found. Falling back to DejaVu Sans.
2026-10-07 23:13:02,923 - INFO - Matplotlib 字体设置：使用回退字体列表，首选可用字体: Noto Sans CJK SC
2026-10-07 23:13:04,734 - INFO - 使用指定 ChromeDriver: /usr/bin/chromedriver
2026-10-07 23:13:04,816 - INFO - ddddocr 识别器初始化成功
2026-10-07 23:13:05,057 - INFO - captcha-recognizer 滑块识别模型初始化成功
2026-10-07 23:13:05,058 - INFO - 开始南京大学电费监控流程（自动无头模式）
2026-10-07 23:13:05,058 - INFO - 已初始化并清空验证码图片目录: /home/runner/work/nju_electric_monitor/nju_electric_monitor/src/../data/captcha_workflow
2026-10-07 23:13:05,058 - INFO - 正在打开页面: https://epay.nju.edu.cn/epay/h5/nju/electric/index
2026-10-07 23:13:18,000 - INFO - 等待登录表单加载...
2026-10-07 23:13:18,009 - INFO - 登录表单已加载
2026-10-07 23:13:18,009 - INFO - 开始填写登录表单...
2026-10-07 23:13:18,082 - INFO - 用户名填写完成
2026-10-07 23:13:18,150 - INFO - 密码填写完成
2026-10-07 23:13:18,182 - INFO - 未检测到任何验证方式
2026-10-07 23:13:18,182 - INFO - 登录前验证方式检测: none
2026-10-07 23:13:18,182 - INFO - 未检测到传统验证码，点击登录按钮...
2026-10-07 23:13:18,182 - INFO - 查找并点击登录按钮...
2026-10-07 23:13:18,202 - INFO - 通过 ID=login_submit 找到登录按钮
2026-10-07 23:13:18,247 - INFO - 已点击登录按钮
2026-10-07 23:13:25,271 - INFO - 检测到滑块验证（sliderDiv）
2026-10-07 23:13:25,272 - INFO - 登录后验证方式检测: slider
2026-10-07 23:13:25,272 - INFO - 开始处理滑块验证...
2026-10-07 23:13:26,784 - INFO - 滑块验证第 1/3 轮尝试
2026-10-07 23:13:27,088 - INFO - 滑块缺口 box=[114,87,156,126], confidence=0.947, 截图=278px, DOM=278px, 缩放=1.00x, 拖拽偏移=114px
2026-10-07 23:13:27,088 - INFO - 滑块拖拽尝试 1/2 (偏移=114px)
2026-10-07 23:13:46,484 - INFO - 滑块验证通过（sliderDiv 元素不存在）
2026-10-07 23:13:46,484 - INFO - 滑块验证第 1 轮成功
2026-10-07 23:13:46,484 - INFO - 等待登录成功...
2026-10-07 23:13:46,494 - INFO - 检测到已跳转到电费页面: https://epay.nju.edu.cn/epay/h5/nju/electric/index
2026-10-07 23:13:46,495 - INFO - 查找'去充值'按钮...
2026-10-07 23:13:46,514 - INFO - 通过文本包含 '去充值' 找到充值按钮
2026-10-07 23:13:48,303 - INFO - 已点击充值按钮
2026-10-07 23:13:51,304 - INFO - 开始提取剩余电量信息...
2026-10-07 23:13:51,320 - INFO - 找到电量信息元素（已省略具体文本以保护隐私）
2026-10-07 23:13:51,320 - WARNING - 未在元素中找到标准格式的电量信息
2026-10-07 23:13:51,331 - INFO - 找到 i 标签中的电量信息（已省略具体文本）
2026-10-07 23:13:51,331 - WARNING - i标签中未找到标准格式的电量信息
2026-10-07 23:13:51,331 - WARNING - 未找到i标签中的电量信息
2026-10-07 23:13:51,334 - INFO - 在页面源码中查找电量信息...
2026-10-07 23:13:51,334 - INFO - 从页面源码中提取到剩余电量: 13.24 度
2026-10-07 23:13:51,351 - INFO - 数据已保存: 13.24 度
2026-10-07 23:13:51,380 - WARNING - findfont: Font family 'Noto Sans CJK SC' not found.
2026-10-07 23:13:51,380 - WARNING - findfont: Font family 'Noto Sans CJK SC' not found.
2026-10-07 23:13:51,396 - WARNING - findfont: Font family 'Noto Sans CJK SC' not found.
2026-10-07 23:13:51,396 - WARNING - findfont: Font family 'Noto Sans CJK SC' not found.
2026-10-07 23:13:51,401 - WARNING - findfont: Font family 'Noto Sans CJK SC' not found.
2026-10-07 23:13:51,402 - WARNING - findfont: Font family 'Noto Sans CJK SC' not found.
2026-10-07 23:13:51,403 - WARNING - findfont: Font family 'Noto Sans CJK SC' not found.
2026-10-07 23:13:51,404 - WARNING - findfont: Font family 'Noto Sans CJK SC' not found.
2026-10-07 23:13:51,412 - WARNING - findfont: Font family 'Noto Sans CJK SC' not found.
2026-10-07 23:13:51,416 - WARNING - findfont: Font family 'Noto Sans CJK SC' not found.
2026-10-07 23:13:51,420 - WARNING - findfont: Font family 'Noto Sans CJK SC' not found.
2026-10-07 23:13:51,420 - WARNING - findfont: Font family 'Noto Sans CJK SC' not found.
2026-10-07 23:13:51,420 - WARNING - findfont: Font family 'Noto Sans CJK SC' not found.
2026-10-07 23:13:51,427 - WARNING - findfont: Font family 'Noto Sans CJK SC' not found.
2026-10-07 23:13:51,427 - WARNING - findfont: Font family 'Noto Sans CJK SC' not found.
2026-10-07 23:13:51,435 - WARNING - findfont: Font family 'Noto Sans CJK SC' not found.
2026-10-07 23:13:51,441 - WARNING - findfont: Font family 'Noto Sans CJK SC' not found.
2026-10-07 23:13:51,442 - WARNING - findfont: Font family 'Noto Sans CJK SC' not found.
2026-10-07 23:13:51,447 - WARNING - findfont: Font family 'Noto Sans CJK SC' not found.
2026-10-07 23:13:51,450 - WARNING - findfont: Font family 'Noto Sans CJK SC' not found.
2026-10-07 23:13:51,454 - WARNING - findfont: Font family 'Noto Sans CJK SC' not found.
2026-10-07 23:13:51,454 - WARNING - findfont: Font family 'Noto Sans CJK SC' not found.
2026-10-07 23:13:51,455 - WARNING - findfont: Font family 'Noto Sans CJK SC' not found.
2026-10-07 23:13:51,464 - WARNING - findfont: Font family 'Noto Sans CJK SC' not found.
2026-10-07 23:13:51,464 - WARNING - findfont: Font family 'Noto Sans CJK SC' not found.
2026-10-07 23:13:51,466 - WARNING - findfont: Font family 'Noto Sans CJK SC' not found.
2026-10-07 23:13:51,466 - WARNING - findfont: Font family 'Noto Sans CJK SC' not found.
2026-10-07 23:13:51,492 - WARNING - findfont: Font family 'Noto Sans CJK SC' not found.
2026-10-07 23:13:51,493 - WARNING - findfont: Font family 'Noto Sans CJK SC' not found.
2026-10-07 23:13:51,493 - WARNING - findfont: Font family 'Noto Sans CJK SC' not found.
2026-10-07 23:13:51,506 - WARNING - findfont: Font family 'Noto Sans CJK SC' not found.
2026-10-07 23:13:51,507 - WARNING - findfont: Font family 'Noto Sans CJK SC' not found.
2026-10-07 23:13:51,514 - WARNING - findfont: Font family 'Noto Sans CJK SC' not found.
2026-10-07 23:13:51,514 - WARNING - findfont: Font family 'Noto Sans CJK SC' not found.
2026-10-07 23:13:51,585 - WARNING - findfont: Font family 'Noto Sans CJK SC' not found.
2026-10-07 23:13:51,585 - WARNING - findfont: Font family 'Noto Sans CJK SC' not found.
2026-10-07 23:13:51,587 - WARNING - findfont: Font family 'Noto Sans CJK SC' not found.
2026-10-07 23:13:51,587 - WARNING - findfont: Font family 'Noto Sans CJK SC' not found.
2026-10-07 23:13:51,613 - WARNING - findfont: Font family 'Noto Sans CJK SC' not found.
2026-10-07 23:13:51,613 - WARNING - findfont: Font family 'Noto Sans CJK SC' not found.
2026-10-07 23:13:51,614 - WARNING - findfont: Font family 'Noto Sans CJK SC' not found.
2026-10-07 23:13:51,627 - WARNING - findfont: Font family 'Noto Sans CJK SC' not found.
2026-10-07 23:13:51,627 - WARNING - findfont: Font family 'Noto Sans CJK SC' not found.
2026-10-07 23:13:51,634 - WARNING - findfont: Font family 'Noto Sans CJK SC' not found.
2026-10-07 23:13:51,635 - WARNING - findfont: Font family 'Noto Sans CJK SC' not found.
2026-10-07 23:13:51,637 - INFO - 电量变化曲线图已保存到: /home/runner/work/nju_electric_monitor/nju_electric_monitor/src/../data/electricity_trend.png
2026-10-07 23:13:51,877 - INFO - 最近20次电量变化曲线图已保存到: /home/runner/work/nju_electric_monitor/nju_electric_monitor/src/../data/recent_20_changes.png
2026-10-07 23:13:51,877 - WARNING - 邮件提醒未配置完整的 SMTP 环境变量，跳过发送邮件
2026-10-07 23:13:51,877 - INFO - 监控流程完成
