2026-09-27 14:06:56,844 - INFO - Matplotlib 字体设置：使用回退字体列表，首选可用字体: Noto Sans CJK SC
2026-09-27 14:06:58,815 - INFO - 使用指定 ChromeDriver: /usr/bin/chromedriver
2026-09-27 14:06:58,929 - INFO - ddddocr 识别器初始化成功
2026-09-27 14:06:59,077 - INFO - captcha-recognizer 滑块识别模型初始化成功
2026-09-27 14:06:59,077 - INFO - 开始南京大学电费监控流程（自动无头模式）
2026-09-27 14:06:59,077 - INFO - 已初始化并清空验证码图片目录: /home/runner/work/nju_electric_monitor/nju_electric_monitor/src/../data/captcha_workflow
2026-09-27 14:06:59,077 - INFO - 正在打开页面: https://epay.nju.edu.cn/epay/h5/nju/electric/index
2026-09-27 14:07:14,496 - INFO - 等待登录表单加载...
2026-09-27 14:07:14,505 - INFO - 登录表单已加载
2026-09-27 14:07:14,505 - INFO - 开始填写登录表单...
2026-09-27 14:07:14,579 - INFO - 用户名填写完成
2026-09-27 14:07:14,649 - INFO - 密码填写完成
2026-09-27 14:07:14,683 - INFO - 未检测到任何验证方式
2026-09-27 14:07:14,683 - INFO - 登录前验证方式检测: none
2026-09-27 14:07:14,683 - INFO - 未检测到传统验证码，点击登录按钮...
2026-09-27 14:07:14,683 - INFO - 查找并点击登录按钮...
2026-09-27 14:07:14,702 - INFO - 通过 ID=login_submit 找到登录按钮
2026-09-27 14:07:14,749 - INFO - 已点击登录按钮
2026-09-27 14:07:21,775 - INFO - 检测到滑块验证（sliderDiv）
2026-09-27 14:07:21,775 - INFO - 登录后验证方式检测: slider
2026-09-27 14:07:21,775 - INFO - 开始处理滑块验证...
2026-09-27 14:07:23,287 - INFO - 滑块验证第 1/3 轮尝试
2026-09-27 14:07:23,642 - INFO - 滑块缺口 box=[190,67,231,105], confidence=0.952, 截图=278px, DOM=278px, 缩放=1.00x, 拖拽偏移=190px
2026-09-27 14:07:23,642 - INFO - 滑块拖拽尝试 1/2 (偏移=190px)
2026-09-27 14:07:43,433 - WARNING - 滑块拖拽第 1 次未通过验证
2026-09-27 14:07:44,433 - INFO - 滑块拖拽尝试 2/2 (偏移=190px)
2026-09-27 14:08:03,554 - WARNING - 滑块拖拽第 2 次未通过验证
2026-09-27 14:08:03,554 - ERROR - 滑块验证 2 次尝试均失败
2026-09-27 14:08:03,554 - WARNING - 第 1 轮滑块拖拽失败
2026-09-27 14:08:04,554 - INFO - 滑块验证第 2/3 轮尝试
2026-09-27 14:08:04,863 - INFO - 滑块缺口 box=[74,12,116,50], confidence=0.956, 截图=280px, DOM=280px, 缩放=1.00x, 拖拽偏移=74px
2026-09-27 14:08:04,863 - INFO - 滑块拖拽尝试 1/2 (偏移=74px)
2026-09-27 14:08:23,716 - INFO - 滑块验证通过（sliderDiv 元素不存在）
2026-09-27 14:08:23,716 - INFO - 滑块验证第 2 轮成功
2026-09-27 14:08:23,716 - INFO - 等待登录成功...
2026-09-27 14:08:23,726 - INFO - 检测到已跳转到电费页面: https://epay.nju.edu.cn/epay/h5/nju/electric/index
2026-09-27 14:08:23,726 - INFO - 查找'去充值'按钮...
2026-09-27 14:08:23,746 - INFO - 通过文本包含 '去充值' 找到充值按钮
2026-09-27 14:08:25,539 - INFO - 已点击充值按钮
2026-09-27 14:08:28,539 - INFO - 开始提取剩余电量信息...
2026-09-27 14:08:28,557 - INFO - 找到电量信息元素（已省略具体文本以保护隐私）
2026-09-27 14:08:28,557 - WARNING - 未在元素中找到标准格式的电量信息
2026-09-27 14:08:28,568 - INFO - 找到 i 标签中的电量信息（已省略具体文本）
2026-09-27 14:08:28,568 - WARNING - i标签中未找到标准格式的电量信息
2026-09-27 14:08:28,568 - WARNING - 未找到i标签中的电量信息
2026-09-27 14:08:28,572 - INFO - 在页面源码中查找电量信息...
2026-09-27 14:08:28,572 - INFO - 从页面源码中提取到剩余电量: 5.07 度
2026-09-27 14:08:28,590 - INFO - 数据已保存: 5.07 度
2026-09-27 14:08:28,867 - INFO - 电量变化曲线图已保存到: /home/runner/work/nju_electric_monitor/nju_electric_monitor/src/../data/electricity_trend.png
2026-09-27 14:08:29,114 - INFO - 最近20次电量变化曲线图已保存到: /home/runner/work/nju_electric_monitor/nju_electric_monitor/src/../data/recent_20_changes.png
2026-09-27 14:08:29,114 - WARNING - 邮件提醒未配置完整的 SMTP 环境变量，跳过发送邮件
2026-09-27 14:08:29,115 - INFO - 监控流程完成
